ZeroFreeRegion.lean:583:44: warning: This simp argument is unused:
  not_isPrimePow_zero

Hint: Omit it from the simp argument list.
  simp [ArithmeticFunction.vonMangoldt,̵ ̵n̵o̵t̵_̵i̵s̵P̵r̵i̵m̵e̵P̵o̵w̵_̵z̵e̵r̵o̵]

Note: This linter can be disabled with `set_option linter.unusedSimpArgs false`
ZeroFreeRegion.lean:622:56: warning: This simp argument is unused:
  not_isPrimePow_zero

Hint: Omit it from the simp argument list.
  simp [LSeries.term, ArithmeticFunction.vonMangoldt,̵ ̵n̵o̵t̵_̵i̵s̵P̵r̵i̵m̵e̵P̵o̵w̵_̵z̵e̵r̵o̵]

Note: This linter can be disabled with `set_option linter.unusedSimpArgs false`
ZeroFreeRegion.lean:686:40: warning: This simp argument is unused:
  not_isPrimePow_zero

Hint: Omit it from the simp argument list.
  simp [ArithmeticFunction.vonMangoldt,̵ ̵n̵o̵t̵_̵i̵s̵P̵r̵i̵m̵e̵P̵o̵w̵_̵z̵e̵r̵o̵]

Note: This linter can be disabled with `set_option linter.unusedSimpArgs false`
ZeroFreeRegion.lean:732:44: warning: This simp argument is unused:
  not_isPrimePow_zero

Hint: Omit it from the simp argument list.
  simp [ArithmeticFunction.vonMangoldt,̵ ̵n̵o̵t̵_̵i̵s̵P̵r̵i̵m̵e̵P̵o̵w̵_̵z̵e̵r̵o̵]

Note: This linter can be disabled with `set_option linter.unusedSimpArgs false`
ZeroFreeRegion.lean:934:44: warning: This simp argument is unused:
  not_isPrimePow_zero

Hint: Omit it from the simp argument list.
  simp [ArithmeticFunction.vonMangoldt,̵ ̵n̵o̵t̵_̵i̵s̵P̵r̵i̵m̵e̵P̵o̵w̵_̵z̵e̵r̵o̵]

Note: This linter can be disabled with `set_option linter.unusedSimpArgs false`
ZeroFreeRegion.lean:946:56: warning: This simp argument is unused:
  not_isPrimePow_zero

Hint: Omit it from the simp argument list.
  simp [ArithmeticFunction.vonMangoldt,̵ ̵n̵o̵t̵_̵i̵s̵P̵r̵i̵m̵e̵P̵o̵w̵_̵z̵e̵r̵o̵]

Note: This linter can be disabled with `set_option linter.unusedSimpArgs false`
ZeroFreeRegion.lean:1136:56: warning: This simp argument is unused:
  not_isPrimePow_zero

Hint: Omit it from the simp argument list.
  simp [ArithmeticFunction.vonMangoldt,̵ ̵n̵o̵t̵_̵i̵s̵P̵r̵i̵m̵e̵P̵o̵w̵_̵z̵e̵r̵o̵]

Note: This linter can be disabled with `set_option linter.unusedSimpArgs false`
ZeroFreeRegion.lean:1176:44: warning: This simp argument is unused:
  not_isPrimePow_zero

Hint: Omit it from the simp argument list.
  simp [ArithmeticFunction.vonMangoldt,̵ ̵n̵o̵t̵_̵i̵s̵P̵r̵i̵m̵e̵P̵o̵w̵_̵z̵e̵r̵o̵]

Note: This linter can be disabled with `set_option linter.unusedSimpArgs false`
ZeroFreeRegion.lean:1267:56: warning: This simp argument is unused:
  not_isPrimePow_zero

Hint: Omit it from the simp argument list.
  simp [ArithmeticFunction.vonMangoldt,̵ ̵n̵o̵t̵_̵i̵s̵P̵r̵i̵m̵e̵P̵o̵w̵_̵z̵e̵r̵o̵]

Note: This linter can be disabled with `set_option linter.unusedSimpArgs false`
ZeroFreeRegion.lean:1338:44: warning: This simp argument is unused:
  not_isPrimePow_zero

Hint: Omit it from the simp argument list.
  simp [ArithmeticFunction.vonMangoldt,̵ ̵n̵o̵t̵_̵i̵s̵P̵r̵i̵m̵e̵P̵o̵w̵_̵z̵e̵r̵o̵]

Note: This linter can be disabled with `set_option linter.unusedSimpArgs false`
